// Jest Snapshot v1, https://goo.gl/fbAQLP

exports[`should render ExpenseListItem with an expense 1`] = `
<div>
  <h3>
    <NavLink
      activeClassName="active"
      ariaCurrent="true"
      to="/edit/1"
    >
      Gum
    </NavLink>
  </h3>
  <p>
    $1.95 -  - Wednesday, December 31st 1969
  </p>
</div>
`;
